Processing RA4-UNO-R4 (framework: arduino; platform: platformio/renesas-ra@1.9.0; board: uno_r4_minima)
--------------------------------------------------------------------------------
Verbose mode can be enabled via `-v, --verbose` option
CONFIGURATION: https://docs.platformio.org/page/boards/renesas-ra/uno_r4_minima.html
PLATFORM: Renesas RA (1.9.0) > Arduino Uno R4 Minima
HARDWARE: RA4M1 48MHz, 32KB RAM, 256KB Flash
DEBUG: Current (cmsis-dap) External (cmsis-dap, jlink)
PACKAGES: 
 - framework-arduinorenesas-uno @ 1.6.0 
 - tool-dfuutil-arduino @ 1.11.0 
 - toolchain-gccarmnoneeabi @ 1.70201.0 (7.2.1)
Converting uCNC.ino
LDF: Library Dependency Finder -> https://bit.ly/configure-pio-ldf
LDF Modes: Finder ~ chain, Compatibility ~ soft
Found 22 compatible libraries
Scanning dependencies...
Dependency Graph
|-- EEPROM @ 1.0
|-- Wire
|-- SPI
Building in release mode
Compiling .pio\build\RA4-UNO-R4\src\src\hal\mcus\ra4\mcu_ra4.c.o
Compiling .pio\build\RA4-UNO-R4\src\uCNC.ino.cpp.o
Linking .pio\build\RA4-UNO-R4\firmware.elf
Checking size .pio\build\RA4-UNO-R4\firmware.elf
Advanced Memory Usage is available via "PlatformIO Home > Project Inspect"
RAM:   [=         ]  14.0% (used 4596 bytes from 32768 bytes)
Flash: [===       ]  26.4% (used 69220 bytes from 262144 bytes)
========================= [SUCCESS] Took 3.16 seconds =========================

Environment    Status    Duration
-------------  --------  ------------
RA4-UNO-R4     SUCCESS   00:00:03.162
========================= 1 succeeded in 00:00:03.162 =========================
